mode: set
github.com/waltertaya/doctor-appointment/internal/service/booking.go:35.53,37.2 1 1
github.com/waltertaya/doctor-appointment/internal/service/booking.go:39.75,41.46 2 1
github.com/waltertaya/doctor-appointment/internal/service/booking.go:41.46,43.3 1 1
github.com/waltertaya/doctor-appointment/internal/service/booking.go:44.2,45.16 2 1
github.com/waltertaya/doctor-appointment/internal/service/booking.go:45.16,47.3 1 1
github.com/waltertaya/doctor-appointment/internal/service/booking.go:48.2,50.67 2 0
github.com/waltertaya/doctor-appointment/internal/service/booking.go:50.67,52.119 2 0
github.com/waltertaya/doctor-appointment/internal/service/booking.go:52.119,53.46 1 0
github.com/waltertaya/doctor-appointment/internal/service/booking.go:53.46,55.5 1 0
github.com/waltertaya/doctor-appointment/internal/service/booking.go:56.4,56.14 1 0
github.com/waltertaya/doctor-appointment/internal/service/booking.go:58.3,58.90 1 0
github.com/waltertaya/doctor-appointment/internal/service/booking.go:58.90,60.4 1 0
github.com/waltertaya/doctor-appointment/internal/service/booking.go:61.3,61.121 1 0
github.com/waltertaya/doctor-appointment/internal/service/booking.go:61.121,63.4 1 0
github.com/waltertaya/doctor-appointment/internal/service/booking.go:63.9,63.25 1 0
github.com/waltertaya/doctor-appointment/internal/service/booking.go:63.25,65.4 1 0
github.com/waltertaya/doctor-appointment/internal/service/booking.go:67.3,74.11 1 0
github.com/waltertaya/doctor-appointment/internal/service/booking.go:78.114,80.16 2 0
github.com/waltertaya/doctor-appointment/internal/service/booking.go:80.16,82.3 1 0
github.com/waltertaya/doctor-appointment/internal/service/booking.go:84.2,85.141 2 0
github.com/waltertaya/doctor-appointment/internal/service/booking.go:85.141,87.3 1 0
github.com/waltertaya/doctor-appointment/internal/service/booking.go:88.2,89.164 2 0
github.com/waltertaya/doctor-appointment/internal/service/booking.go:89.164,91.3 1 0
github.com/waltertaya/doctor-appointment/internal/service/booking.go:93.2,94.43 2 0
github.com/waltertaya/doctor-appointment/internal/service/booking.go:94.43,95.38 1 0
github.com/waltertaya/doctor-appointment/internal/service/booking.go:95.38,97.4 1 0
github.com/waltertaya/doctor-appointment/internal/service/booking.go:100.2,101.31 2 0
github.com/waltertaya/doctor-appointment/internal/service/booking.go:101.31,102.70 1 0
github.com/waltertaya/doctor-appointment/internal/service/booking.go:102.70,103.26 1 0
github.com/waltertaya/doctor-appointment/internal/service/booking.go:103.26,105.5 1 0
github.com/waltertaya/doctor-appointment/internal/service/booking.go:108.2,108.28 1 0
github.com/waltertaya/doctor-appointment/internal/service/booking.go:111.56,113.16 2 1
github.com/waltertaya/doctor-appointment/internal/service/booking.go:113.16,115.3 1 1
github.com/waltertaya/doctor-appointment/internal/service/booking.go:116.2,117.16 2 1
github.com/waltertaya/doctor-appointment/internal/service/booking.go:117.16,119.3 1 0
github.com/waltertaya/doctor-appointment/internal/service/booking.go:121.2,122.86 2 1
github.com/waltertaya/doctor-appointment/internal/service/booking.go:122.86,125.3 2 1
github.com/waltertaya/doctor-appointment/internal/service/booking.go:126.2,126.14 1 1
github.com/waltertaya/doctor-appointment/internal/service/booking.go:129.74,130.67 1 0
github.com/waltertaya/doctor-appointment/internal/service/booking.go:130.67,132.112 2 0
github.com/waltertaya/doctor-appointment/internal/service/booking.go:132.112,133.46 1 0
github.com/waltertaya/doctor-appointment/internal/service/booking.go:133.46,135.5 1 0
github.com/waltertaya/doctor-appointment/internal/service/booking.go:136.4,136.14 1 0
github.com/waltertaya/doctor-appointment/internal/service/booking.go:138.3,138.40 1 0
github.com/waltertaya/doctor-appointment/internal/service/booking.go:138.40,140.4 1 0
github.com/waltertaya/doctor-appointment/internal/service/booking.go:141.3,141.68 1 0
github.com/waltertaya/doctor-appointment/internal/service/booking.go:145.104,147.46 2 0
github.com/waltertaya/doctor-appointment/internal/service/booking.go:147.46,149.3 1 0
github.com/waltertaya/doctor-appointment/internal/service/booking.go:150.2,151.16 2 0
github.com/waltertaya/doctor-appointment/internal/service/booking.go:151.16,153.3 1 0
github.com/waltertaya/doctor-appointment/internal/service/booking.go:154.2,156.67 2 0
github.com/waltertaya/doctor-appointment/internal/service/booking.go:156.67,158.112 2 0
github.com/waltertaya/doctor-appointment/internal/service/booking.go:158.112,159.46 1 0
github.com/waltertaya/doctor-appointment/internal/service/booking.go:159.46,161.5 1 0
github.com/waltertaya/doctor-appointment/internal/service/booking.go:162.4,162.14 1 0
github.com/waltertaya/doctor-appointment/internal/service/booking.go:164.3,164.40 1 0
github.com/waltertaya/doctor-appointment/internal/service/booking.go:164.40,166.4 1 0
github.com/waltertaya/doctor-appointment/internal/service/booking.go:167.3,167.84 1 0
github.com/waltertaya/doctor-appointment/internal/service/booking.go:167.84,169.4 1 0
github.com/waltertaya/doctor-appointment/internal/service/booking.go:170.3,170.96 1 0
github.com/waltertaya/doctor-appointment/internal/service/booking.go:170.96,171.46 1 0
github.com/waltertaya/doctor-appointment/internal/service/booking.go:171.46,173.5 1 0
github.com/waltertaya/doctor-appointment/internal/service/booking.go:174.4,174.14 1 0
github.com/waltertaya/doctor-appointment/internal/service/booking.go:176.3,176.113 1 0
github.com/waltertaya/doctor-appointment/internal/service/booking.go:176.113,178.4 1 0
github.com/waltertaya/doctor-appointment/internal/service/booking.go:178.9,178.25 1 0
github.com/waltertaya/doctor-appointment/internal/service/booking.go:178.25,180.4 1 0
github.com/waltertaya/doctor-appointment/internal/service/booking.go:181.3,188.11 1 0
github.com/waltertaya/doctor-appointment/internal/service/booking.go:192.57,194.2 1 1
github.com/waltertaya/doctor-appointment/internal/service/booking.go:196.104,200.58 2 0
github.com/waltertaya/doctor-appointment/internal/service/booking.go:200.58,202.3 1 0
github.com/waltertaya/doctor-appointment/internal/service/booking.go:203.2,203.13 1 0
github.com/waltertaya/doctor-appointment/internal/service/booking.go:203.13,205.3 1 0
github.com/waltertaya/doctor-appointment/internal/service/booking.go:206.2,206.12 1 0
github.com/waltertaya/doctor-appointment/internal/service/booking.go:209.106,215.2 3 0
github.com/waltertaya/doctor-appointment/internal/handlers/appointment.go:17.59,19.2 1 1
github.com/waltertaya/doctor-appointment/internal/handlers/appointment.go:37.51,39.47 2 1
github.com/waltertaya/doctor-appointment/internal/handlers/appointment.go:39.47,42.3 2 1
github.com/waltertaya/doctor-appointment/internal/handlers/appointment.go:43.2,46.54 4 1
github.com/waltertaya/doctor-appointment/internal/handlers/appointment.go:46.54,49.3 2 1
github.com/waltertaya/doctor-appointment/internal/handlers/appointment.go:50.2,50.62 1 1
github.com/waltertaya/doctor-appointment/internal/handlers/appointment.go:50.62,53.3 2 1
github.com/waltertaya/doctor-appointment/internal/handlers/appointment.go:55.2,61.47 2 0
github.com/waltertaya/doctor-appointment/internal/handlers/appointment.go:61.47,64.3 2 0
github.com/waltertaya/doctor-appointment/internal/handlers/appointment.go:65.2,65.52 1 0
github.com/waltertaya/doctor-appointment/internal/handlers/appointment.go:65.52,68.3 2 0
github.com/waltertaya/doctor-appointment/internal/handlers/appointment.go:69.2,69.43 1 0
github.com/waltertaya/doctor-appointment/internal/handlers/appointment.go:69.43,72.3 2 0
github.com/waltertaya/doctor-appointment/internal/handlers/appointment.go:73.2,73.16 1 0
github.com/waltertaya/doctor-appointment/internal/handlers/appointment.go:73.16,76.3 2 0
github.com/waltertaya/doctor-appointment/internal/handlers/appointment.go:77.2,77.101 1 0
github.com/waltertaya/doctor-appointment/internal/handlers/appointment.go:80.51,82.16 2 0
github.com/waltertaya/doctor-appointment/internal/handlers/appointment.go:82.16,85.3 2 0
github.com/waltertaya/doctor-appointment/internal/handlers/appointment.go:86.2,87.61 2 0
github.com/waltertaya/doctor-appointment/internal/handlers/appointment.go:87.61,90.3 2 0
github.com/waltertaya/doctor-appointment/internal/handlers/appointment.go:91.2,92.16 2 0
github.com/waltertaya/doctor-appointment/internal/handlers/appointment.go:92.16,95.3 2 0
github.com/waltertaya/doctor-appointment/internal/handlers/appointment.go:96.2,96.73 1 0
github.com/waltertaya/doctor-appointment/internal/handlers/appointment.go:99.53,101.16 2 1
github.com/waltertaya/doctor-appointment/internal/handlers/appointment.go:101.16,104.3 2 1
github.com/waltertaya/doctor-appointment/internal/handlers/appointment.go:105.2,106.47 2 0
github.com/waltertaya/doctor-appointment/internal/handlers/appointment.go:106.47,109.3 2 0
github.com/waltertaya/doctor-appointment/internal/handlers/appointment.go:110.2,111.52 2 0
github.com/waltertaya/doctor-appointment/internal/handlers/appointment.go:111.52,114.3 2 0
github.com/waltertaya/doctor-appointment/internal/handlers/appointment.go:115.2,115.53 1 0
github.com/waltertaya/doctor-appointment/internal/handlers/appointment.go:115.53,118.3 2 0
github.com/waltertaya/doctor-appointment/internal/handlers/appointment.go:119.2,119.16 1 0
github.com/waltertaya/doctor-appointment/internal/handlers/appointment.go:119.16,122.3 2 0
github.com/waltertaya/doctor-appointment/internal/handlers/appointment.go:123.2,123.102 1 0
github.com/waltertaya/doctor-appointment/internal/handlers/appointment.go:126.57,128.16 2 0
github.com/waltertaya/doctor-appointment/internal/handlers/appointment.go:128.16,131.3 2 0
github.com/waltertaya/doctor-appointment/internal/handlers/appointment.go:132.2,133.47 2 0
github.com/waltertaya/doctor-appointment/internal/handlers/appointment.go:133.47,136.3 2 0
github.com/waltertaya/doctor-appointment/internal/handlers/appointment.go:137.2,139.46 3 0
github.com/waltertaya/doctor-appointment/internal/handlers/appointment.go:139.46,142.3 2 0
github.com/waltertaya/doctor-appointment/internal/handlers/appointment.go:143.2,143.65 1 0
github.com/waltertaya/doctor-appointment/internal/handlers/appointment.go:143.65,146.3 2 0
github.com/waltertaya/doctor-appointment/internal/handlers/appointment.go:148.2,149.52 2 0
github.com/waltertaya/doctor-appointment/internal/handlers/appointment.go:149.52,152.3 2 0
github.com/waltertaya/doctor-appointment/internal/handlers/appointment.go:153.2,153.53 1 0
github.com/waltertaya/doctor-appointment/internal/handlers/appointment.go:153.53,156.3 2 0
github.com/waltertaya/doctor-appointment/internal/handlers/appointment.go:157.2,157.55 1 0
github.com/waltertaya/doctor-appointment/internal/handlers/appointment.go:157.55,160.3 2 0
github.com/waltertaya/doctor-appointment/internal/handlers/appointment.go:161.2,161.46 1 0
github.com/waltertaya/doctor-appointment/internal/handlers/appointment.go:161.46,164.3 2 0
github.com/waltertaya/doctor-appointment/internal/handlers/appointment.go:165.2,165.16 1 0
github.com/waltertaya/doctor-appointment/internal/handlers/appointment.go:165.16,168.3 2 0
github.com/waltertaya/doctor-appointment/internal/handlers/appointment.go:169.2,169.81 1 0
github.com/waltertaya/doctor-appointment/internal/handlers/doctor.go:19.48,21.50 2 0
github.com/waltertaya/doctor-appointment/internal/handlers/doctor.go:21.50,24.3 2 0
github.com/waltertaya/doctor-appointment/internal/handlers/doctor.go:26.2,26.92 1 0
github.com/waltertaya/doctor-appointment/internal/handlers/doctor.go:26.92,29.3 2 0
github.com/waltertaya/doctor-appointment/internal/handlers/doctor.go:30.2,30.36 1 0
github.com/waltertaya/doctor-appointment/internal/handlers/doctor.go:33.54,35.16 2 0
github.com/waltertaya/doctor-appointment/internal/handlers/doctor.go:35.16,38.3 2 0
github.com/waltertaya/doctor-appointment/internal/handlers/doctor.go:40.2,41.47 2 0
github.com/waltertaya/doctor-appointment/internal/handlers/doctor.go:41.47,44.3 2 0
github.com/waltertaya/doctor-appointment/internal/handlers/doctor.go:45.2,47.24 3 0
github.com/waltertaya/doctor-appointment/internal/handlers/doctor.go:47.24,50.3 2 0
github.com/waltertaya/doctor-appointment/internal/handlers/doctor.go:52.2,54.68 3 0
github.com/waltertaya/doctor-appointment/internal/handlers/doctor.go:54.68,55.36 1 0
github.com/waltertaya/doctor-appointment/internal/handlers/doctor.go:55.36,58.4 2 0
github.com/waltertaya/doctor-appointment/internal/handlers/doctor.go:59.3,60.9 2 0
github.com/waltertaya/doctor-appointment/internal/handlers/doctor.go:63.2,69.48 2 0
github.com/waltertaya/doctor-appointment/internal/handlers/doctor.go:69.48,72.3 2 0
github.com/waltertaya/doctor-appointment/internal/handlers/doctor.go:73.2,73.35 1 0
github.com/waltertaya/doctor-appointment/internal/handlers/patient.go:10.49,12.51 2 0
github.com/waltertaya/doctor-appointment/internal/handlers/patient.go:12.51,15.3 2 0
github.com/waltertaya/doctor-appointment/internal/handlers/patient.go:17.2,17.93 1 0
github.com/waltertaya/doctor-appointment/internal/handlers/patient.go:17.93,20.3 2 0
github.com/waltertaya/doctor-appointment/internal/handlers/patient.go:21.2,21.37 1 0
github.com/waltertaya/doctor-appointment/internal/api/routes.go:8.51,12.2 3 1
github.com/waltertaya/doctor-appointment/internal/api/routes.go:12.2,20.43 8 1
github.com/waltertaya/doctor-appointment/internal/api/routes.go:20.43,22.4 1 1
github.com/waltertaya/doctor-appointment/internal/api/routes.go:25.2,25.10 1 1
github.com/waltertaya/doctor-appointment/cmd/server/main.go:14.13,15.40 1 0
github.com/waltertaya/doctor-appointment/cmd/server/main.go:15.40,17.3 1 0
github.com/waltertaya/doctor-appointment/cmd/server/main.go:19.2,19.22 1 0
github.com/waltertaya/doctor-appointment/cmd/server/main.go:22.13,33.39 5 0
github.com/waltertaya/doctor-appointment/cmd/server/main.go:33.39,35.3 1 0
github.com/waltertaya/doctor-appointment/internal/database/db.go:15.52,17.3 1 0
github.com/waltertaya/doctor-appointment/internal/database/db.go:18.28,20.3 1 0
github.com/waltertaya/doctor-appointment/internal/database/db.go:21.30,23.3 1 0
github.com/waltertaya/doctor-appointment/internal/database/db.go:27.18,32.16 4 1
github.com/waltertaya/doctor-appointment/internal/database/db.go:32.16,34.3 1 1
github.com/waltertaya/doctor-appointment/internal/database/db.go:36.2,36.62 1 1
github.com/waltertaya/doctor-appointment/internal/migrate/migrate.go:11.13,12.40 1 0
github.com/waltertaya/doctor-appointment/internal/migrate/migrate.go:12.40,14.3 1 0
github.com/waltertaya/doctor-appointment/internal/migrate/migrate.go:16.2,16.22 1 0
github.com/waltertaya/doctor-appointment/internal/migrate/migrate.go:19.13,23.2 2 0
